// Jest Snapshot v1, https://goo.gl/fbAQLP

exports[`Input Component should render correctly 1`] = `
<Fragment>
  <InputGroup
    tag="div"
  >
    <Input
      onChange={[Function]}
      type="text"
      value="1"
    />
  </InputGroup>
</Fragment>
`;
