// Jest Snapshot v1, https://goo.gl/fbAQLP

exports[`Input should render correctly 1`] = `
<Fragment>
  <InputGroup
    tag="div"
  >
    <Input
      onChange={[MockFunction]}
      type="text"
    />
  </InputGroup>
</Fragment>
`;
